#-----------------------------------------------------------
# Vivado v2020.1 (64-bit)
# SW Build 2902540 on Wed May 27 19:54:49 MDT 2020
# IP Build 2902112 on Wed May 27 22:43:36 MDT 2020
# Start of session at: Tue Jul 18 14:01:21 2023
# Process ID: 9992
# Current directory: C:/Users/Ian/Desktop/OIST/RedPitaya/RedPitaya-FilterTest/prj/v0.94/project/redpitaya.runs/system_axi_protocol_converter_0_0_synth_1
# Command line: vivado.exe -log system_axi_protocol_converter_0_0.vds -product Vivado -mode batch -messageDb vivado.pb -notrace -source system_axi_protocol_converter_0_0.tcl
# Log file: C:/Users/Ian/Desktop/OIST/RedPitaya/RedPitaya-FilterTest/prj/v0.94/project/redpitaya.runs/system_axi_protocol_converter_0_0_synth_1/system_axi_protocol_converter_0_0.vds
# Journal file: C:/Users/Ian/Desktop/OIST/RedPitaya/RedPitaya-FilterTest/prj/v0.94/project/redpitaya.runs/system_axi_protocol_converter_0_0_synth_1\vivado.jou
#-----------------------------------------------------------
source system_axi_protocol_converter_0_0.tcl -notrace
