Copyright 1986-2020 Xilinx, Inc. All Rights Reserved.
-----------------------------------------------------------------------------------------------------------------------
| Tool Version : Vivado v.2020.1 (win64) Build 2902540 Wed May 27 19:54:49 MDT 2020
| Date         : Mon Aug 21 17:37:46 2023
| Host         : DESKTOP-UF70E69 running 64-bit major release  (build 9200)
| Command      : report_utilization -file red_pitaya_top_utilization_synth.rpt -pb red_pitaya_top_utilization_synth.pb
| Design       : red_pitaya_top
| Device       : 7z010clg400-1
| Design State : Synthesized
-----------------------------------------------------------------------------------------------------------------------

Utilization Design Information

Table of Contents
-----------------
1. Slice Logic
1.1 Summary of Registers by Type
2. Memory
3. DSP
4. IO and GT Specific
5. Clocking
6. Specific Feature
7. Primitives
8. Black Boxes
9. Instantiated Netlists

1. Slice Logic
--------------

+----------------------------+------+-------+-----------+-------+
|          Site Type         | Used | Fixed | Available | Util% |
+----------------------------+------+-------+-----------+-------+
| Slice LUTs*                | 4542 |     0 |     17600 | 25.81 |
|   LUT as Logic             | 4382 |     0 |     17600 | 24.90 |
|   LUT as Memory            |  160 |     0 |      6000 |  2.67 |
|     LUT as Distributed RAM |  152 |     0 |           |       |
|     LUT as Shift Register  |    8 |     0 |           |       |
| Slice Registers            | 5575 |     0 |     35200 | 15.84 |
|   Register as Flip Flop    | 5558 |     0 |     35200 | 15.79 |
|   Register as Latch        |   17 |     0 |     35200 |  0.05 |
| F7 Muxes                   |   28 |     0 |      8800 |  0.32 |
| F8 Muxes                   |    0 |     0 |      4400 |  0.00 |
+----------------------------+------+-------+-----------+-------+
* Warning! The Final LUT count, after physical optimizations and full implementation, is typically lower. Run opt_design after synthesis, if not already completed, for a more realistic count.


1.1 Summary of Registers by Type
--------------------------------

+-------+--------------+-------------+--------------+
| Total | Clock Enable | Synchronous | Asynchronous |
+-------+--------------+-------------+--------------+
| 0     |            _ |           - |            - |
| 0     |            _ |           - |          Set |
| 0     |            _ |           - |        Reset |
| 0     |            _ |         Set |            - |
| 0     |            _ |       Reset |            - |
| 0     |          Yes |           - |            - |
| 0     |          Yes |           - |          Set |
| 625   |          Yes |           - |        Reset |
| 172   |          Yes |         Set |            - |
| 4778  |          Yes |       Reset |            - |
+-------+--------------+-------------+--------------+


2. Memory
---------

+-------------------+------+-------+-----------+-------+
|     Site Type     | Used | Fixed | Available | Util% |
+-------------------+------+-------+-----------+-------+
| Block RAM Tile    |   30 |     0 |        60 | 50.00 |
|   RAMB36/FIFO*    |   30 |     0 |        60 | 50.00 |
|     RAMB36E1 only |   30 |       |           |       |
|   RAMB18          |    0 |     0 |       120 |  0.00 |
+-------------------+------+-------+-----------+-------+
* Note: Each Block RAM Tile only has one FIFO logic available and therefore can accommodate only one FIFO36E1 or one FIFO18E1. However, if a FIFO18E1 occupies a Block RAM Tile, that tile can still accommodate a RAMB18E1


3. DSP
------

+----------------+------+-------+-----------+-------+
|    Site Type   | Used | Fixed | Available | Util% |
+----------------+------+-------+-----------+-------+
| DSPs           |   33 |     0 |        80 | 41.25 |
|   DSP48E1 only |   33 |       |           |       |
+----------------+------+-------+-----------+-------+


4. IO and GT Specific
---------------------

+-----------------------------+------+-------+-----------+-------+
|          Site Type          | Used | Fixed | Available | Util% |
+-----------------------------+------+-------+-----------+-------+
| Bonded IOB                  |   96 |     0 |       100 | 96.00 |
| Bonded IPADs                |    0 |     0 |         2 |  0.00 |
| Bonded IOPADs               |    0 |     0 |       130 |  0.00 |
| PHY_CONTROL                 |    0 |     0 |         2 |  0.00 |
| PHASER_REF                  |    0 |     0 |         2 |  0.00 |
| OUT_FIFO                    |    0 |     0 |         8 |  0.00 |
| IN_FIFO                     |    0 |     0 |         8 |  0.00 |
| IDELAYCTRL                  |    0 |     0 |         2 |  0.00 |
| IBUFDS                      |    3 |     0 |        96 |  3.13 |
| PHASER_OUT/PHASER_OUT_PHY   |    0 |     0 |         8 |  0.00 |
| PHASER_IN/PHASER_IN_PHY     |    0 |     0 |         8 |  0.00 |
| IDELAYE2/IDELAYE2_FINEDELAY |    0 |     0 |       100 |  0.00 |
| ILOGIC                      |    1 |     0 |       100 |  1.00 |
|   ISERDES                   |    1 |       |           |       |
| OLOGIC                      |   22 |     0 |       100 | 22.00 |
|   OSERDES                   |    1 |       |           |       |
|   ODDR                      |   21 |       |           |       |
+-----------------------------+------+-------+-----------+-------+


5. Clocking
-----------

+--------------+------+-------+-----------+-------+
|   Site Type  | Used | Fixed | Available | Util% |
+--------------+------+-------+-----------+-------+
| BUFGCTRL     |   11 |     0 |        32 | 34.38 |
| BUFIO        |    1 |     0 |         8 | 12.50 |
|   BUFIO only |    1 |     0 |           |       |
| MMCME2_ADV   |    0 |     0 |         2 |  0.00 |
| PLLE2_ADV    |    1 |     0 |         2 | 50.00 |
| BUFMRCE      |    0 |     0 |         4 |  0.00 |
| BUFHCE       |    0 |     0 |        48 |  0.00 |
| BUFR         |    1 |     0 |         8 | 12.50 |
+--------------+------+-------+-----------+-------+


6. Specific Feature
-------------------

+-------------+------+-------+-----------+--------+
|  Site Type  | Used | Fixed | Available |  Util% |
+-------------+------+-------+-----------+--------+
| BSCANE2     |    0 |     0 |         4 |   0.00 |
| CAPTUREE2   |    0 |     0 |         1 |   0.00 |
| DNA_PORT    |    1 |     0 |         1 | 100.00 |
| EFUSE_USR   |    0 |     0 |         1 |   0.00 |
| FRAME_ECCE2 |    0 |     0 |         1 |   0.00 |
| ICAPE2      |    0 |     0 |         2 |   0.00 |
| STARTUPE2   |    0 |     0 |         1 |   0.00 |
| XADC        |    0 |     0 |         1 |   0.00 |
+-------------+------+-------+-----------+--------+


7. Primitives
-------------

+-----------+------+---------------------+
|  Ref Name | Used | Functional Category |
+-----------+------+---------------------+
| FDRE      | 4778 |        Flop & Latch |
| LUT6      | 1278 |                 LUT |
| LUT2      | 1105 |                 LUT |
| LUT4      |  974 |                 LUT |
| LUT5      |  788 |                 LUT |
| LUT3      |  696 |                 LUT |
| FDCE      |  608 |        Flop & Latch |
| CARRY4    |  581 |          CarryLogic |
| LUT1      |  354 |                 LUT |
| RAMD32    |  228 |  Distributed Memory |
| FDSE      |  172 |        Flop & Latch |
| RAMS32    |   76 |  Distributed Memory |
| IBUF      |   53 |                  IO |
| OBUF      |   33 |                  IO |
| DSP48E1   |   33 |    Block Arithmetic |
| RAMB36E1  |   30 |        Block Memory |
| MUXF7     |   28 |               MuxFx |
| ODDR      |   21 |                  IO |
| LDCE      |   17 |        Flop & Latch |
| OBUFT     |   16 |                  IO |
| BUFG      |   11 |               Clock |
| SRL16E    |    6 |  Distributed Memory |
| OBUFDS    |    4 |                  IO |
| IBUFDS    |    3 |                  IO |
| SRLC32E   |    2 |  Distributed Memory |
| INV       |    2 |                 LUT |
| PLLE2_ADV |    1 |               Clock |
| OSERDESE2 |    1 |                  IO |
| ISERDESE2 |    1 |                  IO |
| DNA_PORT  |    1 |              Others |
| BUFR      |    1 |               Clock |
| BUFIO     |    1 |               Clock |
+-----------+------+---------------------+


8. Black Boxes
--------------

+-----------------------------------+------+
|              Ref Name             | Used |
+-----------------------------------+------+
| system_xadc_0                     |    1 |
| system_processing_system7_0       |    1 |
| system_proc_sys_reset_0           |    1 |
| system_axi_protocol_converter_0_0 |    1 |
+-----------------------------------+------+


9. Instantiated Netlists
------------------------

+----------+------+
| Ref Name | Used |
+----------+------+


