Copyright 1986-2020 Xilinx, Inc. All Rights Reserved.
-------------------------------------------------------------------------------------------
| Tool Version : Vivado v.2020.1 (win64) Build 2902540 Wed May 27 19:54:49 MDT 2020
| Date         : Mon Aug 21 17:39:51 2023
| Host         : DESKTOP-UF70E69 running 64-bit major release  (build 9200)
| Command      : report_control_sets -verbose -file red_pitaya_top_control_sets_placed.rpt
| Design       : red_pitaya_top
| Device       : xc7z010
-------------------------------------------------------------------------------------------

Control Set Information

Table of Contents
-----------------
1. Summary
2. Histogram
3. Flip-Flop Distribution
4. Detailed Control Set Information

1. Summary
----------

+----------------------------------------------------------+-------+
|                          Status                          | Count |
+----------------------------------------------------------+-------+
| Total control sets                                       |   222 |
|    Minimum number of control sets                        |   222 |
|    Addition due to synthesis replication                 |     0 |
|    Addition due to physical synthesis replication        |     0 |
| Unused register locations in slices containing registers |   559 |
+----------------------------------------------------------+-------+
* Control sets can be merged at opt_design using control_set_merge or merge_equivalent_drivers
** Run report_qor_suggestions for automated merging and remapping suggestions


2. Histogram
------------

+--------------------+-------+
|       Fanout       | Count |
+--------------------+-------+
| Total control sets |   222 |
| >= 0 to < 4        |     5 |
| >= 4 to < 6        |    32 |
| >= 6 to < 8        |     3 |
| >= 8 to < 10       |    23 |
| >= 10 to < 12      |     2 |
| >= 12 to < 14      |     8 |
| >= 14 to < 16      |    21 |
| >= 16              |   128 |
+--------------------+-------+
* Control sets can be remapped at either synth_design or opt_design


3. Flip-Flop Distribution
-------------------------

+--------------+-----------------------+------------------------+-----------------+--------------+
| Clock Enable | Synchronous Set/Reset | Asynchronous Set/Reset | Total Registers | Total Slices |
+--------------+-----------------------+------------------------+-----------------+--------------+
| No           | No                    | No                     |             643 |          234 |
| No           | No                    | Yes                    |             608 |          139 |
| No           | Yes                   | No                     |            1063 |          329 |
| Yes          | No                    | No                     |            1568 |          523 |
| Yes          | No                    | Yes                    |               0 |            0 |
| Yes          | Yes                   | No                     |            2447 |          742 |
+--------------+-----------------------+------------------------+-----------------+--------------+


4. Detailed Control Set Information
-----------------------------------

+------------------------------------------------+----------------------------------------------------------------------------------------------------------------------------------------------------+-------------------------------------------------------------------------------------------------------------------------+------------------+----------------+--------------+
|                  Clock Signal                  |                                                                    Enable Signal                                                                   |                                                     Set/Reset Signal                                                    | Slice Load Count | Bel Load Count | Bels / Slice |
+------------------------------------------------+----------------------------------------------------------------------------------------------------------------------------------------------------+-------------------------------------------------------------------------------------------------------------------------+------------------+----------------+--------------+
|  adc_clk                                       | ps/axi_master_0/axi_awpop                                                                                                                          | ps/axi_master_0/axi_awburst_o[0]_i_1_n_0                                                                                |                1 |              1 |         1.00 |
|  adc_clk                                       | ps/axi_master_1/axi_wpop                                                                                                                           | ps/axi_master_1/axi_wlast_o_i_1__0_n_0                                                                                  |                1 |              1 |         1.00 |
|  adc_clk                                       | ps/axi_master_1/axi_awpop                                                                                                                          | ps/axi_master_1/axi_awburst_o[0]_i_1__0_n_0                                                                             |                1 |              1 |         1.00 |
|  adc_clk                                       | ps/axi_master_0/axi_wpop                                                                                                                           | ps/axi_master_0/axi_wlast_o_i_1_n_0                                                                                     |                1 |              1 |         1.00 |
|  ps/system_i/processing_system7/inst/FCLK_CLK3 | ps/system_i/axi_protocol_converter_0/inst/gen_axilite.gen_b2s_conv.axilite_b2s/WR.b_channel_0/bid_fifo_0/bresp_push                                |                                                                                                                         |                1 |              2 |         2.00 |
|  adc_clk                                       |                                                                                                                                                    | i_scope/i_wr0/clear                                                                                                     |                3 |              4 |         1.33 |
|  ps/system_i/processing_system7/inst/FCLK_CLK3 |                                                                                                                                                    | ps/system_i/axi_protocol_converter_0/inst/gen_axilite.gen_b2s_conv.axilite_b2s/SI_REG/aw.aw_pipe/aresetn_d_reg[0]_0     |                2 |              4 |         2.00 |
|  adc_clk                                       | ps/axi_master_1/axi_awpush                                                                                                                         | i_scope/i_dfilt1_chb/SR[0]                                                                                              |                1 |              4 |         4.00 |
|  adc_clk                                       | ps/axi_master_0/axi_rfill_lvl[3]_i_1_n_0                                                                                                           | i_scope/i_dfilt1_chb/SR[0]                                                                                              |                1 |              4 |         4.00 |
|  i_daisy/i_rx/CLK                              |                                                                                                                                                    | i_daisy/i_rx/bitslip_cnt[3]_i_1_n_0                                                                                     |                1 |              4 |         4.00 |
|  adc_clk                                       | i_scope/set_trig_src[3]_i_1_n_0                                                                                                                    | i_scope/i_dfilt1_chb/SR[0]                                                                                              |                1 |              4 |         4.00 |
|  ps/system_i/processing_system7/inst/FCLK_CLK3 | ps/system_i/xadc/inst/AXI_XADC_CORE_I/D[6]                                                                                                         | ps/system_i/xadc/inst/AXI_LITE_IPIF_I/I_SLAVE_ATTACHMENT/reset2ip_reset                                                 |                2 |              4 |         2.00 |
|  adc_clk                                       | ps/axi_master_1/axi_wpop                                                                                                                           | i_scope/i_dfilt1_chb/SR[0]                                                                                              |                1 |              4 |         4.00 |
|  adc_clk                                       | i_scope/i_wr1/axi_wvalid_o_reg_1[0]                                                                                                                | i_scope/i_dfilt1_chb/SR[0]                                                                                              |                1 |              4 |         4.00 |
|  adc_clk                                       | i_scope/i_wr1/axi_wvalid_o_reg_2[0]                                                                                                                | i_scope/i_dfilt1_chb/SR[0]                                                                                              |                2 |              4 |         2.00 |
|  adc_clk                                       | ps/axi_master_1/axi_rfill_lvl[3]_i_1__0_n_0                                                                                                        | i_scope/i_dfilt1_chb/SR[0]                                                                                              |                1 |              4 |         4.00 |
|  adc_clk                                       | i_scope/i_wr0/E[0]                                                                                                                                 | i_scope/i_dfilt1_chb/SR[0]                                                                                              |                2 |              4 |         2.00 |
|  adc_clk                                       | ps/axi_master_1/axi_awfill_lvl[3]_i_1__0_n_0                                                                                                       | i_scope/i_dfilt1_chb/SR[0]                                                                                              |                2 |              4 |         2.00 |
|  adc_clk                                       | ps/axi_master_1/axi_wfill_lvl[3]_i_1__0_n_0                                                                                                        | i_scope/i_dfilt1_chb/SR[0]                                                                                              |                1 |              4 |         4.00 |
|  adc_clk                                       | i_scope/i_wr0/axi_wvalid_o_reg_1[0]                                                                                                                | i_scope/i_dfilt1_chb/SR[0]                                                                                              |                1 |              4 |         4.00 |
|  ps/system_i/processing_system7/inst/FCLK_CLK3 |                                                                                                                                                    | ps/system_i/axi_protocol_converter_0/inst/gen_axilite.gen_b2s_conv.axilite_b2s/SI_REG/ar.ar_pipe/aresetn_d_reg[1]_inv_0 |                2 |              4 |         2.00 |
|  adc_clk                                       |                                                                                                                                                    | i_scope/i_wr1/clear                                                                                                     |                3 |              4 |         1.33 |
|  adc_clk                                       | ps/axi_master_1/axi_awpop                                                                                                                          | i_scope/i_dfilt1_chb/SR[0]                                                                                              |                1 |              4 |         4.00 |
|  adc_clk                                       |                                                                                                                                                    | i_scope/axi_b_dat_sel                                                                                                   |                1 |              4 |         4.00 |
|  adc_clk                                       | ps/axi_master_0/axi_awpush                                                                                                                         | i_scope/i_dfilt1_chb/SR[0]                                                                                              |                2 |              4 |         2.00 |
|  adc_clk                                       | ps/axi_master_0/axi_wfill_lvl[3]_i_1_n_0                                                                                                           | i_scope/i_dfilt1_chb/SR[0]                                                                                              |                1 |              4 |         4.00 |
|  adc_clk                                       | ps/axi_master_0/axi_awpop                                                                                                                          | i_scope/i_dfilt1_chb/SR[0]                                                                                              |                1 |              4 |         4.00 |
|  adc_clk                                       | ps/axi_master_0/axi_awfill_lvl[3]_i_1_n_0                                                                                                          | i_scope/i_dfilt1_chb/SR[0]                                                                                              |                1 |              4 |         4.00 |
|  adc_clk                                       | ps/axi_master_0/axi_wpop                                                                                                                           | i_scope/i_dfilt1_chb/SR[0]                                                                                              |                2 |              4 |         2.00 |
|  ps/system_i/processing_system7/inst/FCLK_CLK3 |                                                                                                                                                    | ps/system_i/proc_sys_reset/U0/EXT_LPF/lpf_int                                                                           |                2 |              5 |         2.50 |
|  adc_clk                                       | ps/axi_slave_gp0/ack_cnt[5]_i_2_n_0                                                                                                                | ps/axi_slave_gp0/ack_cnt[5]                                                                                             |                1 |              5 |         5.00 |
|  adc_clk                                       |                                                                                                                                                    | i_daisy/i_tx/R0                                                                                                         |                3 |              5 |         1.67 |
|  adc_clk                                       | rstn                                                                                                                                               | ps/axi_slave_gp0/adc_rstn_reg_1                                                                                         |                5 |              5 |         1.00 |
|  ps/system_i/processing_system7/inst/FCLK_CLK3 | ps/system_i/axi_protocol_converter_0/inst/gen_axilite.gen_b2s_conv.axilite_b2s/RD.r_channel_0/transaction_fifo_0/cnt_read[4]_i_1__0_n_0            | ps/system_i/axi_protocol_converter_0/inst/gen_axilite.gen_b2s_conv.axilite_b2s/areset_d1                                |                1 |              5 |         5.00 |
|  ps/system_i/processing_system7/inst/FCLK_CLK3 | ps/system_i/axi_protocol_converter_0/inst/gen_axilite.gen_b2s_conv.axilite_b2s/RD.r_channel_0/rd_data_fifo_0/cnt_read[4]_i_1_n_0                   | ps/system_i/axi_protocol_converter_0/inst/gen_axilite.gen_b2s_conv.axilite_b2s/areset_d1                                |                2 |              5 |         2.50 |
|  adc_clk                                       | i_scope/dec_avg_div_a/pipe_loop[1].pipe_dv_reg[1]__0                                                                                               | i_scope/dec_avg_div_a/pipe_loop[1].cnt[1][5]_i_1_n_0                                                                    |                1 |              5 |         5.00 |
|  adc_clk                                       | i_scope/dec_avg_div_b/pipe_loop[1].pipe_dv_reg[1]__0                                                                                               | i_scope/dec_avg_div_b/pipe_loop[1].cnt[1][5]_i_1__0_n_0                                                                 |                1 |              5 |         5.00 |
|  adc_clk                                       | ps/axi_slave_gp0/bus\\.wen_reg_1[0]                                                                                                                | i_scope/i_dfilt1_chb/SR[0]                                                                                              |                2 |              6 |         3.00 |
|  ps/system_i/processing_system7/inst/FCLK_CLK3 | ps/system_i/proc_sys_reset/U0/SEQ/seq_cnt_en                                                                                                       | ps/system_i/proc_sys_reset/U0/SEQ/SEQ_COUNTER/clear                                                                     |                1 |              6 |         6.00 |
|  ps/system_i/processing_system7/inst/FCLK_CLK3 |                                                                                                                                                    | ps/system_i/xadc/inst/AXI_LITE_IPIF_I/I_SLAVE_ATTACHMENT/dpto_cnt0                                                      |                2 |              7 |         3.50 |
|  adc_clk                                       |                                                                                                                                                    | i_hk/daisy_mode[0]                                                                                                      |                4 |              8 |         2.00 |
|  adc_clk                                       | ps/axi_slave_gp0/rd_do_reg_rep__0_0[0]                                                                                                             | i_scope/i_dfilt1_chb/SR[0]                                                                                              |                5 |              8 |         1.60 |
|  adc_clk                                       |                                                                                                                                                    | i_asg/ch[1]/dly_tick[7]_i_1_n_0                                                                                         |                2 |              8 |         4.00 |
|  adc_clk                                       | i_scope/i_wr1/pop                                                                                                                                  | i_scope/i_wr1/clear                                                                                                     |                2 |              8 |         4.00 |
|  adc_clk                                       | i_scope/i_wr1/dat_cnt[3]_i_1__0_n_0                                                                                                                | i_scope/i_wr1/clear                                                                                                     |                4 |              8 |         2.00 |
|  adc_clk                                       | ps/axi_slave_gp0/rd_araddr_reg[16]_0[0]                                                                                                            | i_scope/i_dfilt1_chb/SR[0]                                                                                              |                4 |              8 |         2.00 |
|  adc_clk                                       | i_scope/i_wr0/dat_cnt[3]_i_1_n_0                                                                                                                   | i_scope/i_wr0/clear                                                                                                     |                4 |              8 |         2.00 |
|  adc_clk                                       | ps/axi_slave_gp0/rd_araddr_reg[2]_1[0]                                                                                                             | i_scope/i_dfilt1_chb/SR[0]                                                                                              |                4 |              8 |         2.00 |
|  adc_clk                                       | i_scope/i_wr0/pop                                                                                                                                  | i_scope/i_wr0/clear                                                                                                     |                2 |              8 |         4.00 |
|  adc_clk                                       | ps/axi_slave_gp0/rd_araddr_reg[2]_2[0]                                                                                                             | i_scope/i_dfilt1_chb/SR[0]                                                                                              |                5 |              8 |         1.60 |
|  adc_clk                                       | i_scope/i_wr1/push                                                                                                                                 | i_scope/i_wr1/clear                                                                                                     |                2 |              8 |         4.00 |
|  adc_clk                                       | ps/axi_slave_gp0/bus\\.wen_reg_14[0]                                                                                                               | i_scope/i_dfilt1_chb/SR[0]                                                                                              |                3 |              8 |         2.67 |
|  adc_clk                                       | i_scope/i_wr0/push                                                                                                                                 | i_scope/i_wr0/clear                                                                                                     |                2 |              8 |         4.00 |
|  adc_clk                                       | ps/axi_slave_gp0/bus\\.wen_reg_11[0]                                                                                                               | i_scope/i_dfilt1_chb/SR[0]                                                                                              |                3 |              8 |         2.67 |
|  adc_clk                                       | ps/axi_slave_gp0/bus\\.wen_reg_13[0]                                                                                                               | i_scope/i_dfilt1_chb/SR[0]                                                                                              |                3 |              8 |         2.67 |
|  adc_clk                                       | rstn                                                                                                                                               | ps/axi_slave_gp0/adc_rstn_reg_2                                                                                         |                3 |              8 |         2.67 |
|  adc_clk                                       | ps/axi_slave_gp0/bus\\.wen_reg_12[0]                                                                                                               | i_scope/i_dfilt1_chb/SR[0]                                                                                              |                3 |              8 |         2.67 |
|  adc_clk                                       |                                                                                                                                                    | i_asg/ch[0]/dly_tick[7]_i_1__0_n_0                                                                                      |                2 |              8 |         4.00 |
|  ps/system_i/processing_system7/inst/FCLK_CLK3 | ps/system_i/axi_protocol_converter_0/inst/gen_axilite.gen_b2s_conv.axilite_b2s/WR.b_channel_0/mhandshake_r                                         | ps/system_i/axi_protocol_converter_0/inst/gen_axilite.gen_b2s_conv.axilite_b2s/WR.b_channel_0/bid_fifo_0/SR[0]          |                2 |              8 |         4.00 |
|  adc_clk                                       | i_hk/sel                                                                                                                                           | i_scope/i_dfilt1_chb/SR[0]                                                                                              |                3 |              9 |         3.00 |
|  i_daisy/i_rx/CLK                              |                                                                                                                                                    | i_hk/daisy_mode[0]                                                                                                      |                4 |              9 |         2.25 |
|  adc_clk                                       | i_scope/i_wr0/fill_lvl[8]_i_1_n_0                                                                                                                  | i_scope/i_wr0/clear                                                                                                     |                3 |              9 |         3.00 |
|  adc_clk                                       | i_scope/i_wr1/fill_lvl[8]_i_1__0_n_0                                                                                                               | i_scope/i_wr1/clear                                                                                                     |                3 |              9 |         3.00 |
|  ps/system_i/processing_system7/inst/FCLK_CLK3 |                                                                                                                                                    | ps/system_i/axi_protocol_converter_0/inst/gen_axilite.gen_b2s_conv.axilite_b2s/areset_d1                                |                6 |             10 |         1.67 |
|  adc_clk                                       | ps/axi_slave_gp0/rd_do_reg_rep__0_2                                                                                                                | i_scope/i_dfilt1_chb/SR[0]                                                                                              |                6 |             10 |         1.67 |
|  adc_clk                                       | i_scope/dec_avg_div_a/reg_Q[0][11]_i_1_n_0                                                                                                         |                                                                                                                         |                2 |             12 |         6.00 |
|  adc_clk                                       | i_scope/dec_avg_div_b/reg_Q[0][11]_i_1__0_n_0                                                                                                      |                                                                                                                         |                2 |             12 |         6.00 |
|  ps/system_i/processing_system7/inst/FCLK_CLK3 | ps/system_i/axi_protocol_converter_0/inst/gen_axilite.gen_b2s_conv.axilite_b2s/RD.ar_channel_0/ar_cmd_fsm_0/sel_first_reg[0]                       |                                                                                                                         |                2 |             12 |         6.00 |
|  ps/system_i/processing_system7/inst/FCLK_CLK3 | ps/system_i/axi_protocol_converter_0/inst/gen_axilite.gen_b2s_conv.axilite_b2s/RD.ar_channel_0/ar_cmd_fsm_0/E[0]                                   |                                                                                                                         |                3 |             12 |         4.00 |
|  adc_clk                                       | i_daisy/i_tx/par_dat_r[11]_i_1_n_0                                                                                                                 | i_daisy/i_tx/R0                                                                                                         |                2 |             12 |         6.00 |
|  ps/system_i/processing_system7/inst/FCLK_CLK3 | ps/system_i/axi_protocol_converter_0/inst/gen_axilite.gen_b2s_conv.axilite_b2s/WR.aw_channel_0/cmd_translator_0/incr_cmd_0/axaddr_incr[11]_i_1_n_0 |                                                                                                                         |                3 |             12 |         4.00 |
|  ps/system_i/processing_system7/inst/FCLK_CLK3 | ps/system_i/axi_protocol_converter_0/inst/gen_axilite.gen_b2s_conv.axilite_b2s/WR.aw_channel_0/aw_cmd_fsm_0/FSM_sequential_state_reg[1]_0[0]       |                                                                                                                         |                4 |             12 |         3.00 |
|  ps/system_i/processing_system7/inst/FCLK_CLK3 | ps/system_i/axi_protocol_converter_0/inst/gen_axilite.gen_b2s_conv.axilite_b2s/RD.r_channel_0/r_push_r                                             |                                                                                                                         |                4 |             13 |         3.25 |
|  adc_clk                                       | i_scope/dec_avg_div_b/q_o[13]_i_1__0_n_0                                                                                                           |                                                                                                                         |                4 |             14 |         3.50 |
|  adc_clk                                       | i_scope/adc_wp_trig0                                                                                                                               | i_scope/axi_b_dat_sel                                                                                                   |                7 |             14 |         2.00 |
|  adc_clk                                       | i_scope/axi_a_dat[31]_i_1_n_0                                                                                                                      |                                                                                                                         |                4 |             14 |         3.50 |
|  adc_clk                                       | i_scope/axi_a_dat[15]_i_1_n_0                                                                                                                      |                                                                                                                         |                3 |             14 |         4.67 |
|  adc_clk                                       | i_scope/axi_a_dat[47]_i_1_n_0                                                                                                                      |                                                                                                                         |                3 |             14 |         4.67 |
|  adc_clk                                       | i_scope/axi_a_dat_dv0                                                                                                                              |                                                                                                                         |                4 |             14 |         3.50 |
|  adc_clk                                       | i_scope/axi_b_dat[31]_i_1_n_0                                                                                                                      |                                                                                                                         |                5 |             14 |         2.80 |
|  adc_clk                                       | i_scope/axi_b_dat[47]_i_1_n_0                                                                                                                      |                                                                                                                         |                5 |             14 |         2.80 |
|  adc_clk                                       | i_scope/axi_b_dat_dv0                                                                                                                              |                                                                                                                         |                4 |             14 |         3.50 |
|  ps/system_i/processing_system7/inst/FCLK_CLK3 | ps/system_i/axi_protocol_converter_0/inst/gen_axilite.gen_b2s_conv.axilite_b2s/SI_REG/b.b_pipe/p_1_in                                              |                                                                                                                         |                3 |             14 |         4.67 |
|  adc_clk                                       |                                                                                                                                                    | i_asg/ch[0]/dac_o0                                                                                                      |                4 |             14 |         3.50 |
|  adc_clk                                       |                                                                                                                                                    | i_asg/ch[1]/dac_o0                                                                                                      |                4 |             14 |         3.50 |
|  ps/system_i/processing_system7/inst/FCLK_CLK3 | ps/system_i/axi_protocol_converter_0/inst/gen_axilite.gen_b2s_conv.axilite_b2s/SI_REG/b.b_pipe/s_ready_i_reg_0                                     |                                                                                                                         |                3 |             14 |         4.67 |
|  adc_clk                                       | ps/axi_slave_gp0/rd_araddr_reg[4]_5[0]                                                                                                             | i_scope/i_dfilt1_chb/SR[0]                                                                                              |                3 |             14 |         4.67 |
|  adc_clk                                       | ps/axi_slave_gp0/rd_do_reg_rep__0_1[0]                                                                                                             | i_scope/i_dfilt1_chb/SR[0]                                                                                              |                2 |             14 |         7.00 |
|  adc_clk                                       | ps/axi_slave_gp0/rd_araddr_reg[7]_3[0]                                                                                                             | i_scope/i_dfilt1_chb/SR[0]                                                                                              |                5 |             14 |         2.80 |
|  adc_clk                                       | ps/axi_slave_gp0/rd_araddr_reg[7]_4[0]                                                                                                             | i_scope/i_dfilt1_chb/SR[0]                                                                                              |                6 |             14 |         2.33 |
|  adc_clk                                       | ps/axi_slave_gp0/wr_awaddr_reg[11]_0[0]                                                                                                            | i_scope/i_dfilt1_chb/SR[0]                                                                                              |                4 |             14 |         3.50 |
|  adc_clk                                       | ps/axi_slave_gp0/wr_awaddr_reg[11]_2[0]                                                                                                            | i_scope/i_dfilt1_chb/SR[0]                                                                                              |                4 |             14 |         3.50 |
|  adc_clk                                       | i_scope/axi_b_dat[15]_i_1_n_0                                                                                                                      |                                                                                                                         |                4 |             14 |         3.50 |
|  adc_clk                                       | i_scope/dec_avg_div_a/q_o[13]_i_1_n_0                                                                                                              |                                                                                                                         |                5 |             14 |         2.80 |
|  adc_clk                                       | i_asg/ch[0]/rep_cnt[15]_i_1__0_n_0                                                                                                                 | i_scope/i_dfilt1_chb/SR[0]                                                                                              |                6 |             16 |         2.67 |
|  adc_clk                                       | i_asg/ch[1]/rep_cnt[15]_i_1_n_0                                                                                                                    | i_scope/i_dfilt1_chb/SR[0]                                                                                              |                6 |             16 |         2.67 |
|  adc_clk                                       | i_asg/ch[1]/cyc_cnt[15]_i_1_n_0                                                                                                                    | i_scope/i_dfilt1_chb/SR[0]                                                                                              |                4 |             16 |         4.00 |
|  adc_clk                                       | ps/axi_slave_gp0/rd_araddr_reg[8]_2[0]                                                                                                             | i_scope/i_dfilt1_chb/SR[0]                                                                                              |                4 |             16 |         4.00 |
|  ps/system_i/processing_system7/inst/FCLK_CLK3 |                                                                                                                                                    | ps/system_i/xadc/inst/AXI_XADC_CORE_I/do_reg[15]_i_1_n_0                                                                |                5 |             16 |         3.20 |
|  adc_clk                                       | ps/axi_slave_gp0/wr_awaddr_reg[11]_1[0]                                                                                                            | i_scope/i_dfilt1_chb/SR[0]                                                                                              |                6 |             16 |         2.67 |
|  i_daisy/i_rx/CLK                              | i_daisy/i_rx/par_val                                                                                                                               | i_daisy/i_rx/clear                                                                                                      |                6 |             16 |         2.67 |
|  ps/system_i/processing_system7/inst/FCLK_CLK3 | ps/system_i/axi_protocol_converter_0/inst/gen_axilite.gen_b2s_conv.axilite_b2s/WR.b_channel_0/bid_fifo_0/sel                                       |                                                                                                                         |                3 |             16 |         5.33 |
|  adc_clk                                       | ps/axi_slave_gp0/bus\\.wen_reg_15[0]                                                                                                               | i_scope/i_dfilt1_chb/SR[0]                                                                                              |                7 |             16 |         2.29 |
|  adc_clk                                       | i_daisy/i_test/tst_dv                                                                                                                              | i_scope/i_dfilt1_chb/SR[0]                                                                                              |                4 |             16 |         4.00 |
|  adc_clk                                       | ps/axi_slave_gp0/rd_araddr_reg[4]_9[0]                                                                                                             | i_scope/i_dfilt1_chb/SR[0]                                                                                              |                4 |             16 |         4.00 |
|  adc_clk                                       | i_daisy/tx_rx_dv0                                                                                                                                  | i_scope/i_dfilt1_chb/SR[0]                                                                                              |                4 |             16 |         4.00 |
|  adc_clk                                       |                                                                                                                                                    | i_scope/adc_dec_cnt[16]                                                                                                 |                4 |             16 |         4.00 |
|  adc_clk                                       | i_asg/ch[0]/cyc_cnt[15]_i_1__0_n_0                                                                                                                 | i_scope/i_dfilt1_chb/SR[0]                                                                                              |                4 |             16 |         4.00 |
|  adc_clk                                       | ps/axi_slave_gp0/rd_araddr_reg[5]_11[0]                                                                                                            | i_scope/i_dfilt1_chb/SR[0]                                                                                              |                5 |             16 |         3.20 |
|  i_daisy/i_rx/par_clk                          |                                                                                                                                                    | i_daisy/i_rx/RST0                                                                                                       |                3 |             17 |         5.67 |
|  i_daisy/txp_dv_reg_i_2_n_0                    |                                                                                                                                                    |                                                                                                                         |                8 |             17 |         2.12 |
|  adc_clk                                       | i_scope/dec_avg_div_a/pipe_loop[1].reg_Y[1][16]_i_1_n_0                                                                                            |                                                                                                                         |                6 |             17 |         2.83 |
|  adc_clk                                       | i_scope/dec_avg_div_b/pipe_loop[1].reg_Y[1][16]_i_1__0_n_0                                                                                         |                                                                                                                         |                4 |             17 |         4.25 |
|  adc_clk                                       | i_scope/dec_avg_div_a/SR[0]                                                                                                                        |                                                                                                                         |                6 |             17 |         2.83 |
|  adc_clk                                       | ps/axi_slave_gp0/wr_awaddr_reg[1]_1[0]                                                                                                             | i_scope/i_dfilt1_chb/SR[0]                                                                                              |                4 |             17 |         4.25 |
|  ps/system_i/processing_system7/inst/FCLK_CLK3 | ps/system_i/xadc/inst/AXI_LITE_IPIF_I/I_SLAVE_ATTACHMENT/I_DECODER/E[0]                                                                            | ps/system_i/xadc/inst/AXI_LITE_IPIF_I/I_SLAVE_ATTACHMENT/reset2ip_reset                                                 |                5 |             17 |         3.40 |
|  adc_clk                                       | ps/axi_slave_gp0/rd_araddr_reg[7]_1[0]                                                                                                             | i_scope/i_dfilt1_chb/SR[0]                                                                                              |                6 |             18 |         3.00 |
|  adc_clk                                       | ps/axi_slave_gp0/rd_araddr_reg[4]_7[0]                                                                                                             | i_scope/i_dfilt1_chb/SR[0]                                                                                              |                6 |             18 |         3.00 |
|  adc_clk                                       | i_daisy/tx_cfg_sel0                                                                                                                                | i_scope/i_dfilt1_chb/SR[0]                                                                                              |                7 |             19 |         2.71 |
|  adc_clk                                       | ps/axi_slave_gp0/rd_araddr_reg[15]_1[0]                                                                                                            | i_scope/i_dfilt1_chb/SR[0]                                                                                              |                6 |             19 |         3.17 |
|  ps/system_i/processing_system7/inst/FCLK_CLK3 | ps/system_i/axi_protocol_converter_0/inst/gen_axilite.gen_b2s_conv.axilite_b2s/RD.r_channel_0/rd_data_fifo_0/wr_en0                                |                                                                                                                         |                5 |             20 |         4.00 |
|  adc_clk                                       | ps/axi_slave_gp0/bus\\.wen_reg_0[0]                                                                                                                | i_scope/i_dfilt1_chb/SR[0]                                                                                              |                7 |             20 |         2.86 |
|  adc_clk                                       | i_scope/ext_trig_in_reg[1]_0                                                                                                                       | i_scope/i_dfilt1_chb/SR[0]                                                                                              |                5 |             20 |         4.00 |
|  adc_clk                                       | i_scope/ext_trig_debn[0]_i_1_n_0                                                                                                                   | i_scope/i_dfilt1_chb/SR[0]                                                                                              |                5 |             20 |         4.00 |
|  adc_clk                                       | i_scope/ext_trig_in_reg[2]_0                                                                                                                       | i_scope/i_dfilt1_chb/SR[0]                                                                                              |                5 |             20 |         4.00 |
|  i_daisy/i_rx/par_clk                          |                                                                                                                                                    |                                                                                                                         |                5 |             20 |         4.00 |
|  adc_clk                                       | i_scope/ext_trig_in_reg[2]_6                                                                                                                       | i_scope/i_dfilt1_chb/SR[0]                                                                                              |                5 |             20 |         4.00 |
|  adc_clk                                       | i_scope/ext_trig_in_reg[1]_1                                                                                                                       | i_scope/i_dfilt1_chb/SR[0]                                                                                              |                5 |             20 |         4.00 |
|  adc_clk                                       | i_scope/asg_trig_debn[0]_i_1_n_0                                                                                                                   | i_scope/i_dfilt1_chb/SR[0]                                                                                              |                5 |             20 |         4.00 |
|  adc_clk                                       | ps/axi_slave_gp0/rd_do_reg_rep__0_3[0]                                                                                                             | i_scope/i_dfilt1_chb/SR[0]                                                                                              |                5 |             20 |         4.00 |
|  adc_clk                                       | i_scope/asg_trig_debp[0]_i_1_n_0                                                                                                                   | i_scope/i_dfilt1_chb/SR[0]                                                                                              |                5 |             20 |         4.00 |
|  ps/system_i/processing_system7/inst/FCLK_CLK3 | ps/system_i/xadc/inst/AXI_LITE_IPIF_I/I_SLAVE_ATTACHMENT/s_axi_rresp_i                                                                             | ps/system_i/xadc/inst/AXI_LITE_IPIF_I/I_SLAVE_ATTACHMENT/SR[0]                                                          |                8 |             20 |         2.50 |
|  adc_clk                                       | i_scope/ext_trig_debp[0]_i_1_n_0                                                                                                                   | i_scope/i_dfilt1_chb/SR[0]                                                                                              |                5 |             20 |         4.00 |
|  adc_clk                                       | i_scope/dec_avg_div_b/cnt                                                                                                                          | i_scope/dec_avg_div_a/SR[0]                                                                                             |                7 |             24 |         3.43 |
|  adc_clk                                       | i_scope/dec_avg_div_a/cnt                                                                                                                          | i_scope/dec_avg_div_a/SR[0]                                                                                             |                7 |             24 |         3.43 |
|  ps/system_i/processing_system7/inst/FCLK_CLK3 | ps/system_i/axi_protocol_converter_0/inst/gen_axilite.gen_b2s_conv.axilite_b2s/RD.ar_channel_0/ar_cmd_fsm_0/m_valid_i_reg[0]                       |                                                                                                                         |                8 |             24 |         3.00 |
|  ps/system_i/processing_system7/inst/FCLK_CLK3 | ps/system_i/axi_protocol_converter_0/inst/gen_axilite.gen_b2s_conv.axilite_b2s/WR.aw_channel_0/aw_cmd_fsm_0/E[0]                                   |                                                                                                                         |                9 |             24 |         2.67 |
|  adc_clk                                       | ps/axi_slave_gp0/rd_araddr_reg[5]_4[0]                                                                                                             | i_scope/i_dfilt1_chb/SR[0]                                                                                              |               12 |             25 |         2.08 |
|  ps/system_i/processing_system7/inst/FCLK_CLK3 | ps/system_i/xadc/inst/AXI_LITE_IPIF_I/I_SLAVE_ATTACHMENT/I_DECODER/start                                                                           | ps/system_i/xadc/inst/AXI_LITE_IPIF_I/I_SLAVE_ATTACHMENT/I_DECODER/cs_ce_clr                                            |                9 |             25 |         2.78 |
|  adc_clk                                       | ps/axi_slave_gp0/rd_araddr_reg[5]_8[0]                                                                                                             | i_scope/i_dfilt1_chb/SR[0]                                                                                              |                8 |             25 |         3.12 |
|  adc_clk                                       | ps/axi_slave_gp0/rd_araddr_reg[4]_4[0]                                                                                                             | i_scope/i_dfilt1_chb/SR[0]                                                                                              |               11 |             25 |         2.27 |
|  adc_clk                                       | ps/axi_slave_gp0/rd_araddr_reg[3]_7[0]                                                                                                             | i_scope/i_dfilt1_chb/SR[0]                                                                                              |                7 |             25 |         3.57 |
|  adc_clk                                       | ps/axi_slave_gp0/rd_araddr_reg[4]_6[0]                                                                                                             | i_scope/i_dfilt1_chb/SR[0]                                                                                              |               15 |             25 |         1.67 |
|  adc_clk                                       | ps/axi_slave_gp0/rd_araddr_reg[3]_6[0]                                                                                                             | i_scope/i_dfilt1_chb/SR[0]                                                                                              |               11 |             25 |         2.27 |
|  ps/system_i/processing_system7/inst/FCLK_CLK3 |                                                                                                                                                    | ps/system_i/xadc/inst/AXI_LITE_IPIF_I/I_SLAVE_ATTACHMENT/SR[0]                                                          |                8 |             26 |         3.25 |
|  adc_clk                                       | i_scope/p_0_in26_out                                                                                                                               | i_scope/axi_b_dat_sel                                                                                                   |                7 |             28 |         4.00 |
|  adc_clk                                       | ps/axi_slave_gp0/rd_araddr_reg[3]_9[0]                                                                                                             | i_scope/i_dfilt1_chb/SR[0]                                                                                              |                8 |             28 |         3.50 |
|  adc_clk                                       | ps/axi_slave_gp0/adc_rstn_reg_0[0]                                                                                                                 |                                                                                                                         |               14 |             28 |         2.00 |
|  adc_clk                                       | i_scope/div_dat_got                                                                                                                                | i_scope/i_dfilt1_chb/SR[0]                                                                                              |                8 |             28 |         3.50 |
|  adc_clk                                       | ps/axi_slave_gp0/rd_araddr_reg[22]_1[0]                                                                                                            | i_scope/i_dfilt1_chb/SR[0]                                                                                              |               10 |             28 |         2.80 |
|  i_daisy/i_rx/CLK                              |                                                                                                                                                    | i_daisy/i_rx/clear                                                                                                      |                7 |             29 |         4.14 |
|  dac_clk_1x                                    |                                                                                                                                                    |                                                                                                                         |                9 |             29 |         3.22 |
|  adc_clk                                       | i_asg/ch[0]/dac_pnt[61]_i_1__0_n_0                                                                                                                 | i_scope/i_dfilt1_chb/SR[0]                                                                                              |               10 |             30 |         3.00 |
|  adc_clk                                       | ps/axi_slave_gp0/rd_araddr_reg[8]_3[0]                                                                                                             | i_scope/i_dfilt1_chb/SR[0]                                                                                              |               11 |             30 |         2.73 |
|  adc_clk                                       | ps/axi_slave_gp0/rd_araddr_reg[8]_1[0]                                                                                                             | i_scope/i_dfilt1_chb/SR[0]                                                                                              |                7 |             30 |         4.29 |
|  adc_clk                                       | ps/axi_slave_gp0/rd_araddr_reg[8]_4[0]                                                                                                             | i_scope/i_dfilt1_chb/SR[0]                                                                                              |               11 |             30 |         2.73 |
|  adc_clk                                       | ps/axi_slave_gp0/rd_araddr_reg[22]_0[0]                                                                                                            | i_scope/i_dfilt1_chb/SR[0]                                                                                              |                8 |             30 |         3.75 |
|  adc_clk                                       | i_asg/ch[1]/dac_pnt[61]_i_1_n_0                                                                                                                    | i_scope/i_dfilt1_chb/SR[0]                                                                                              |               12 |             30 |         2.50 |
|  adc_clk                                       | ps/axi_slave_gp0/rd_araddr_reg[4]_10[0]                                                                                                            | i_scope/i_dfilt1_chb/SR[0]                                                                                              |                9 |             30 |         3.33 |
|  adc_clk                                       | ps/axi_slave_gp0/bus\\.wen_reg_4[0]                                                                                                                | i_scope/i_dfilt1_chb/SR[0]                                                                                              |                9 |             30 |         3.33 |
|  adc_clk                                       | i_scope/set_b_axi_trig0                                                                                                                            | i_scope/adc_rst_do                                                                                                      |               11 |             31 |         2.82 |
|  adc_clk                                       | i_scope/set_a_axi_trig0                                                                                                                            | i_scope/adc_rst_do                                                                                                      |               13 |             31 |         2.38 |
|  i_daisy/i_rx/CLK                              | i_daisy/i_test/rx_err_inc                                                                                                                          | i_daisy/i_test/rx_err_cnt[0]_i_1_n_0                                                                                    |                8 |             32 |         4.00 |
|  ps/O[0]                                       | pll/pll_0                                                                                                                                          | ps/bbstub_FCLK_RESET0_N                                                                                                 |                8 |             32 |         4.00 |
|  adc_clk                                       | ps/axi_slave_gp0/rd_araddr_reg[8]_5[0]                                                                                                             | i_scope/i_dfilt1_chb/SR[0]                                                                                              |               12 |             32 |         2.67 |
|  adc_clk                                       |                                                                                                                                                    | ps/axi_slave_gp0/rd_do_reg_rep__0_4                                                                                     |               10 |             32 |         3.20 |
|  ps/system_i/processing_system7/inst/FCLK_CLK3 | ps/system_i/axi_protocol_converter_0/inst/gen_axilite.gen_b2s_conv.axilite_b2s/SI_REG/aw.aw_pipe/s_ready_i_reg_0                                   |                                                                                                                         |                8 |             32 |         4.00 |
|  adc_clk                                       | ps/axi_slave_gp0/adc_rstn_reg_6[0]                                                                                                                 |                                                                                                                         |               10 |             32 |         3.20 |
|  adc_clk                                       | i_asg/ch[0]/dly_cnt[0]_i_1__0_n_0                                                                                                                  | i_scope/i_dfilt1_chb/SR[0]                                                                                              |                8 |             32 |         4.00 |
|  ps/system_i/processing_system7/inst/FCLK_CLK3 | ps/system_i/axi_protocol_converter_0/inst/gen_axilite.gen_b2s_conv.axilite_b2s/SI_REG/ar.ar_pipe/s_ready_i_reg_0                                   |                                                                                                                         |               11 |             32 |         2.91 |
|  adc_clk                                       | ps/axi_slave_gp0/wr_wdata                                                                                                                          |                                                                                                                         |               11 |             32 |         2.91 |
|  adc_clk                                       | ps/axi_slave_gp0/adc_rstn_reg_7[0]                                                                                                                 |                                                                                                                         |               10 |             32 |         3.20 |
|  adc_clk                                       | i_asg/ch[1]/dac_pnt[61]_i_1_n_0                                                                                                                    | i_asg/ch[1]/dac_pnt[31]_i_1_n_0                                                                                         |               10 |             32 |         3.20 |
|  adc_clk                                       | i_asg/ch[1]/dly_cnt[0]_i_1_n_0                                                                                                                     | i_scope/i_dfilt1_chb/SR[0]                                                                                              |                8 |             32 |         4.00 |
|  adc_clk                                       | i_scope/adc_dly_cnt[0]_i_1_n_0                                                                                                                     | i_scope/i_dfilt1_chb/SR[0]                                                                                              |                8 |             32 |         4.00 |
|  adc_clk                                       | ps/axi_slave_gp0/adc_rstn_reg_5[0]                                                                                                                 |                                                                                                                         |               10 |             32 |         3.20 |
|  ps/system_i/processing_system7/inst/FCLK_CLK3 | ps/system_i/axi_protocol_converter_0/inst/gen_axilite.gen_b2s_conv.axilite_b2s/RD.ar_channel_0/ar_cmd_fsm_0/m_valid_i_reg_1[0]                     |                                                                                                                         |                9 |             32 |         3.56 |
|  adc_clk                                       | ps/axi_slave_gp0/rd_araddr_reg[7]_2[0]                                                                                                             | i_scope/i_dfilt1_chb/SR[0]                                                                                              |               14 |             32 |         2.29 |
|  adc_clk                                       | i_scope/i_wr0/adc_rst_do_reg[0]                                                                                                                    |                                                                                                                         |                9 |             32 |         3.56 |
|  adc_clk                                       | ps/axi_slave_gp0/adc_rstn_reg_4[0]                                                                                                                 |                                                                                                                         |               11 |             32 |         2.91 |
|  adc_clk                                       | i_scope/axi_a_dly_cnt[0]_i_1_n_0                                                                                                                   | i_scope/i_dfilt1_chb/SR[0]                                                                                              |                8 |             32 |         4.00 |
|  adc_clk                                       | i_scope/dec_avg_div_b/reg_X[0][31]_i_1__0_n_0                                                                                                      |                                                                                                                         |                6 |             32 |         5.33 |
|  adc_clk                                       | i_asg/ch[0]/dac_pnt[61]_i_1__0_n_0                                                                                                                 | i_asg/ch[0]/dac_pnt[31]_i_1__0_n_0                                                                                      |               11 |             32 |         2.91 |
|  adc_clk                                       | ps/axi_slave_gp0/adc_rstn_reg[0]                                                                                                                   |                                                                                                                         |               11 |             32 |         2.91 |
|  adc_clk                                       | i_scope/adc_we_cnt[0]_i_2_n_0                                                                                                                      | i_scope/adc_we_cnt[0]_i_1_n_0                                                                                           |                8 |             32 |         4.00 |
|  adc_clk                                       | ps/axi_slave_gp0/rd_araddr_reg[0]_0[0]                                                                                                             | i_scope/i_dfilt1_chb/SR[0]                                                                                              |                9 |             32 |         3.56 |
|  adc_clk                                       | i_scope/dec_avg_div_a/reg_X[0][31]_i_1_n_0                                                                                                         |                                                                                                                         |                6 |             32 |         5.33 |
|  adc_clk                                       | ps/axi_slave_gp0/adc_rstn_reg_3[0]                                                                                                                 |                                                                                                                         |               13 |             32 |         2.46 |
|  adc_clk                                       | ps/axi_slave_gp0/bus\\.wen_reg_2[0]                                                                                                                | i_scope/i_dfilt1_chb/SR[0]                                                                                              |               10 |             32 |         3.20 |
|  adc_clk                                       | i_scope/i_wr1/E[0]                                                                                                                                 |                                                                                                                         |               11 |             32 |         2.91 |
|  adc_clk                                       | ps/axi_slave_gp0/bus\\.wen_reg_3[0]                                                                                                                | i_scope/i_dfilt1_chb/SR[0]                                                                                              |                9 |             32 |         3.56 |
|  ps/system_i/processing_system7/inst/FCLK_CLK3 | ps/system_i/axi_protocol_converter_0/inst/gen_axilite.gen_b2s_conv.axilite_b2s/WR.b_channel_0/bid_fifo_0/E[0]                                      |                                                                                                                         |                9 |             32 |         3.56 |
|  i_daisy/i_rx/CLK                              | i_daisy/i_test/rx_dat_inc                                                                                                                          | i_daisy/i_test/rx_dat_cnt[0]_i_1_n_0                                                                                    |                8 |             32 |         4.00 |
|  adc_clk                                       | i_scope/axi_b_dly_cnt[0]_i_1_n_0                                                                                                                   | i_scope/i_dfilt1_chb/SR[0]                                                                                              |                8 |             32 |         4.00 |
|  ps/system_i/processing_system7/inst/FCLK_CLK3 | ps/system_i/axi_protocol_converter_0/inst/gen_axilite.gen_b2s_conv.axilite_b2s/SI_REG/r.r_pipe/p_1_in                                              |                                                                                                                         |                5 |             33 |         6.60 |
|  ps/system_i/processing_system7/inst/FCLK_CLK3 | ps/system_i/axi_protocol_converter_0/inst/gen_axilite.gen_b2s_conv.axilite_b2s/SI_REG/r.r_pipe/s_ready_i_reg_0                                     |                                                                                                                         |                9 |             33 |         3.67 |
|  adc_clk                                       | ps/axi_slave_gp0/rd_arid                                                                                                                           |                                                                                                                         |               13 |             35 |         2.69 |
|  adc_clk                                       | ps/axi_slave_gp0/wr_awid                                                                                                                           |                                                                                                                         |               12 |             35 |         2.92 |
|  adc_clk                                       | ps/axi_master_0/axi_awaddr_o0_in                                                                                                                   | ps/axi_master_0/axi_awaddr_o[31]_i_1_n_0                                                                                |                6 |             36 |         6.00 |
|  adc_clk                                       | ps/axi_master_1/axi_awaddr_o0_in                                                                                                                   | ps/axi_master_1/axi_awaddr_o[31]_i_1__0_n_0                                                                             |                6 |             36 |         6.00 |
|  adc_clk                                       | ps/axi_master_1/axi_awfifo_reg_0_15_0_5_i_1__0_n_0                                                                                                 |                                                                                                                         |                7 |             56 |         8.00 |
|  adc_clk                                       | ps/axi_master_0/axi_awfifo_reg_0_15_0_5_i_1_n_0                                                                                                    |                                                                                                                         |                7 |             56 |         8.00 |
|  adc_clk                                       | i_hk/dna_value0                                                                                                                                    | i_scope/i_dfilt1_chb/SR[0]                                                                                              |               13 |             57 |         4.38 |
|  adc_clk                                       | i_scope/i_wr0/next_address                                                                                                                         |                                                                                                                         |               18 |             62 |         3.44 |
|  adc_clk                                       | i_scope/i_wr1/next_address                                                                                                                         |                                                                                                                         |               18 |             62 |         3.44 |
|  adc_clk                                       | i_scope/dec_avg_div_a/pipe_loop[1].reg_X[1][31]_i_1_n_0                                                                                            |                                                                                                                         |               22 |             63 |         2.86 |
|  adc_clk                                       | i_scope/dec_avg_div_b/pipe_loop[1].reg_X[1][31]_i_1__0_n_0                                                                                         |                                                                                                                         |               21 |             63 |         3.00 |
|  adc_clk                                       | i_scope/dat_got0                                                                                                                                   | i_scope/i_dfilt1_chb/SR[0]                                                                                              |               16 |             64 |         4.00 |
|  adc_clk                                       | i_scope/dat_got                                                                                                                                    | i_scope/i_dfilt1_chb/SR[0]                                                                                              |               16 |             64 |         4.00 |
|  adc_clk                                       | ps/axi_master_1/axi_wdata_o0_in                                                                                                                    | ps/axi_master_1/axi_wdata_o[63]_i_1__0_n_0                                                                              |               11 |             64 |         5.82 |
|  adc_clk                                       | ps/axi_master_0/axi_wdata_o0_in                                                                                                                    | ps/axi_master_0/axi_wdata_o[63]_i_1_n_0                                                                                 |               11 |             64 |         5.82 |
|  adc_clk                                       | i_scope/i_wr1/clear                                                                                                                                |                                                                                                                         |               26 |             64 |         2.46 |
|  adc_clk                                       | i_scope/i_wr0/clear                                                                                                                                |                                                                                                                         |               23 |             64 |         2.78 |
|  adc_clk                                       | ps/axi_master_1/axi_wfifo_reg_0_15_0_5_i_1__0_n_0                                                                                                  |                                                                                                                         |               12 |             96 |         8.00 |
|  adc_clk                                       | ps/axi_master_0/axi_wfifo_reg_0_15_0_5_i_1_n_0                                                                                                     |                                                                                                                         |               12 |             96 |         8.00 |
|  i_daisy/i_rx/CLK                              |                                                                                                                                                    |                                                                                                                         |               41 |            109 |         2.66 |
|  ps/system_i/processing_system7/inst/FCLK_CLK3 |                                                                                                                                                    | ps/system_i/xadc/inst/AXI_LITE_IPIF_I/I_SLAVE_ATTACHMENT/reset2ip_reset                                                 |               33 |            115 |         3.48 |
|  ps/system_i/processing_system7/inst/FCLK_CLK3 |                                                                                                                                                    |                                                                                                                         |               43 |            117 |         2.72 |
|  adc_clk                                       | rstn                                                                                                                                               |                                                                                                                         |              101 |            207 |         2.05 |
|  adc_clk                                       |                                                                                                                                                    |                                                                                                                         |              129 |            360 |         2.79 |
|  adc_clk                                       |                                                                                                                                                    | rstn                                                                                                                    |              154 |            643 |         4.18 |
|  adc_clk                                       |                                                                                                                                                    | i_scope/i_dfilt1_chb/SR[0]                                                                                              |              199 |            665 |         3.34 |
+------------------------------------------------+----------------------------------------------------------------------------------------------------------------------------------------------------+-------------------------------------------------------------------------------------------------------------------------+------------------+----------------+--------------+


